// Jest Snapshot v1, https://goo.gl/fbAQLP

exports[`Component renders as expected 1`] = `
<div>
  <div>
    <form
      class="login-form"
    >
      <h1>
        LOGIN
      </h1>
       
      <br />
      <div
        style="width: 50px; height: 50px;"
      >
        <fieldset>
          <label>
            Email:
          </label>
          <input
            class="form-control"
            name="email"
          />
          <label>
            Password:
          </label>
          <input
            class="form-control"
            name="password"
            type="password"
          />
          <button
            data-testid="loginButton"
            type="submit"
          >
            LOGIN
          </button>
        </fieldset>
      </div>
    </form>
  </div>
</div>
`;

exports[`Describe the login form Component renders as expected 1`] = `
<div>
  <div>
    <form
      class="login-form"
    >
      <h1>
        LOGIN
      </h1>
       
      <br />
      <div
        style="width: 50px; height: 50px;"
      >
        <fieldset>
          <label>
            Email:
          </label>
          <input
            class="form-control"
            name="email"
          />
          <label>
            Password:
          </label>
          <input
            class="form-control"
            name="password"
            type="password"
          />
          <button
            data-testid="loginButton"
            type="submit"
          >
            LOGIN
          </button>
        </fieldset>
      </div>
    </form>
  </div>
</div>
`;
